// Jest Snapshot v1, https://goo.gl/fbAQLP

exports[`App renders 1`] = `
<DocumentFragment>
  <div
    class="ui fixed inverted menu"
  >
    <div
      class="ui container"
    >
      <a
        class="header item"
        href="/"
      >
        Transformation dictionaries manager
      </a>
    </div>
  </div>
  <div
    class="ui main text container"
  >
    CURRENT VIEW
  </div>
</DocumentFragment>
`;
